[
	"/",
	"/TopC",
	"/topA",
	"/topA/MiddleC",
	"/topA/middleA",
	"/topA/middleA/DeepA",
	"/topA/middleA/DeepB",
	"/topA/middleA/DeepC",
	"/topA/middleB",
	"/topA/middleB/DeepA",
	"/topA/middleB/DeepB",
	"/topA/middleB/DeepC",
	"/topB",
	"/topB/middleA",
	"/topB/middleA/DeepA",
	"/topB/middleA/DeepB",
	"/topB/middleA/DeepC"
]